2025-07-29-PBBK-buy-671
2025-07-30-PBBK-buy-321
2025-07-31-AGX-sell-1604
2025-07-30-ANIX-buy-5000
2025-07-29-LH-sell-202
2025-06-11-SNYR-buy-900
2025-06-13-SNYR-buy-100
2025-06-16-SNYR-buy-450
2025-06-17-SNYR-buy-100
2025-06-18-SNYR-buy-600
2025-06-20-SNYR-buy-10300
2025-06-23-SNYR-buy-400
2025-06-24-SNYR-buy-600
2025-06-26-SNYR-buy-650
2025-06-27-SNYR-buy-100
2025-06-30-SNYR-buy-2600
2025-07-01-SNYR-buy-250
2025-07-02-SNYR-buy-3750
2025-07-03-SNYR-buy-1750
2025-07-07-SNYR-buy-700
2025-07-08-SNYR-buy-800
2025-07-09-SNYR-buy-400
2025-07-10-SNYR-buy-1400
2025-07-11-SNYR-buy-750
2025-07-22-SNYR-buy-300
2025-07-24-SNYR-buy-300
2025-07-25-SNYR-buy-350
2025-07-29-SNYR-buy-250
2025-07-30-SNYR-buy-100
2025-07-28-NTRA-sell-6092
2025-07-28-NTRA-sell-2019
2025-07-29-NTRA-sell-3045
2025-07-28-NTRA-sell-479
2025-07-28-NTRA-sell-1718
2025-07-28-NTRA-sell-2206
2025-07-28-NTRA-sell-1710
2025-07-28-NTRA-sell-1994
2025-07-28-ADT-sell-71000000
2025-07-28-ADT-sell-71000000
2025-07-28-TRAK-sell-2000
2025-07-29-TRAK-sell-2000
2025-07-30-TRAK-sell-3500
2025-07-29-HSCS-sell-4416
2025-07-28-NVTS-buy-18645603
2025-07-28-NVTS-sell-18645603
2025-07-28-TEM-sell-166250
2025-07-30-ACEL-sell-15000
2025-07-30-TDY-sell-6735
2025-07-28-MLYS-sell-12946
2025-07-29-MLYS-sell-807
2025-07-30-MLYS-sell-59925
2025-07-28-ZIP-sell-5811
2025-07-28-ANET-sell-527302
2025-07-29-TEAM-sell-7665
2025-07-29-TEAM-sell-7665
2025-07-30-TLRY-buy-165000
2025-07-30-NRIX-sell-4304
2025-07-30-NRIX-sell-3841
2025-07-30-NRIX-sell-4308
2025-07-30-AGX-sell-2000
2025-07-28-FNWB-buy-3000
2025-07-29-CVNA-sell-5766
2025-07-28-CVNA-sell-10000
2025-07-29-CVNA-sell-4234
2025-07-30-BLK-sell-17142
2025-07-28-IBKR-sell-100
2025-07-28-ADAP-sell-33931740
2025-07-29-ADAP-sell-2687460
2025-07-30-ADAP-sell-27433338
2025-07-29-MBWM-buy-200
2025-07-28-ASAN-sell-517635
2025-07-28-META-sell-517
2025-07-28-ELVN-sell-3250
2025-07-28-IMRA-sell-3250
2025-07-28-R-sell-22063
2025-07-29-R-sell-22063
2025-07-28-TLYS-buy-50000
2025-07-29-TLYS-buy-25000
2025-07-30-TLYS-buy-25000
2025-07-28-GTX-sell-93334
2025-07-29-GTX-sell-50000
2025-07-30-GTX-sell-32361
2025-07-29-R-sell-1000
2025-07-30-RCL-sell-5207
2025-07-30-MLYS-sell-59925
2025-07-28-CELH-sell-100000
2025-07-29-CELH-sell-100000
2025-07-28-CELH-sell-100000
2025-07-29-CELH-sell-100000
2025-07-28-CELH-sell-100000
2025-07-29-CELH-sell-100000
2025-07-30-OVLY-buy-500
2025-07-28-TSCO-sell-6680
2025-07-29-LEXX-buy-15600
2025-07-30-LEXX-buy-11900
2025-07-29-GSHD-buy-1149
2025-07-30-GAM-buy-177
2025-07-29-CRM-sell-2250
2025-07-28-SHIM-sell-1000
2025-07-29-SHIM-sell-3958
2025-07-30-SHIM-sell-4000
2025-07-28-BRZE-sell-9001
2025-07-29-CNTA-sell-8322
2025-07-28-SEI-sell-4000000
2025-07-29-KPTI-sell-191
2025-07-30-SERV-sell-1212
2025-07-28-RLAY-sell-1359
2025-07-29-RLAY-sell-15724
2025-07-28-RLAY-sell-1701
2025-07-29-RLAY-sell-18380
2025-07-28-RLAY-sell-4069
2025-07-29-RLAY-sell-26701
2025-07-30-IONS-sell-2432
2025-07-28-RLAY-sell-1637
2025-07-29-RLAY-sell-18276
2025-07-25-IKNA-buy-83611
2025-07-25-IMA-buy-83611
2025-07-30-NVDA-sell-75000
2025-07-28-SMCI-sell-200000
2025-07-30-GLXY-sell-300000
2025-07-30-CARE-sell-2000
2025-07-30-LADR-sell-34578
2025-07-11-UPXI-buy-20243
2025-07-25-IKNA-buy-267556
2025-07-25-IMA-buy-267556
2025-07-30-LH-sell-2000
2025-07-28-SMCI-sell-200000
2025-07-28-CRDO-sell-55000
2025-07-30-SSB-buy-3338
2025-07-29-GPI-sell-525
2025-07-30-TRS-sell-29487
2025-07-30-NTRS-sell-7602
2025-07-30-SHIM-sell-4000
2025-07-30-EPD-buy-16000
2025-07-28-BFZ-sell-23772
2025-07-29-BFZ-sell-55300
2025-07-30-PSTG-sell-127068
2025-07-29-NVCR-buy-20000
2025-07-30-PSTG-sell-60672
2025-07-29-WTFC-sell-14942
2025-07-28-LQDA-sell-454
2025-07-29-TCBX-sell-3000
2025-07-28-CADL-sell-937
2025-07-28-LQDA-sell-1063
2025-07-29-TCBX-buy-1300
2025-07-28-LUNR-sell-40254
2025-07-30-PATH-sell-45000
2025-07-30-MCO-sell-2121
2025-07-28-VC-sell-1500
2025-07-30-VC-sell-900
2025-07-28-DMA-buy-76427
2025-07-29-DMA-buy-61989
2025-07-30-LOCL-sell-100
2025-07-30-R-sell-6023
2025-07-28-VC-sell-710
2025-07-30-ANET-sell-161308
2025-07-29-PPL-sell-2165
2025-07-30-REZI-sell-47000
2025-07-28-EFX-sell-48264
2025-07-28-PSNL-sell-452
2025-07-28-PSNL-sell-641
2025-07-28-HCSG-sell-21368
2025-07-30-EVCM-sell-12639
2025-07-30-IRON-sell-8492
2025-07-30-ANET-sell-161308
2025-07-30-ANET-sell-846384
2025-07-28-CELC-sell-9325
2025-07-28-CELC-sell-100000
2025-07-31-EDIT-sell-7500
2025-07-30-IRON-sell-15146
2025-07-30-BLKB-sell-8000
2025-07-30-DRI-sell-523
2025-07-30-WRLD-sell-4704
2025-07-30-LOCL-sell-500
2025-07-29-ARLO-sell-25380
2025-07-30-DRI-sell-1157
2025-07-30-FUBO-sell-57172
2025-07-31-IRM-sell-5432
2025-07-31-ENSG-sell-425
2025-07-30-TG-sell-349217
2025-07-31-ABNB-sell-600
2025-07-30-STLD-sell-12000
2025-07-31-JBGS-sell-10098
2025-07-30-TPL-buy-1
2025-07-30-RCG-buy-356
2025-07-30-RCG-buy-774
2025-07-29-LEA-sell-5000
2025-07-31-ESAB-sell-1440
2025-07-29-LKFN-sell-2500
2025-07-30-LKFN-sell-300
2025-07-31-WRLD-sell-128
2025-07-30-USNA-sell-3515
2025-07-31-HIMS-sell-26350
2025-07-30-CBFV-sell-633
2025-07-28-PNTG-sell-3995
2025-07-31-WTFC-sell-4000
2025-07-29-NWFL-buy-400
2025-07-31-NUE-sell-8021
2025-07-31-ORI-sell-6849
2025-07-30-CIVB-buy-2000
2025-07-31-CIVB-buy-1000
2025-07-31-JBGS-sell-8350
2025-07-30-PNFP-buy-174
2025-07-31-PNFP-buy-1000
2025-07-30-BFZ-sell-32984
2025-07-29-VBTX-sell-7279
2025-07-30-PEO-sell-2701
2025-07-31-CAKE-sell-12388
2025-07-31-DOC-buy-2930
2025-07-31-POR-sell-6000
2025-07-31-ETR-sell-4463
2025-07-31-ALHC-sell-25000
2025-07-29-GL-sell-28952
2025-07-31-DGX-sell-2210
2025-07-28-ASRV-buy-1500
2025-07-29-ASRV-buy-2000
2025-07-29-FCNCA-buy-66
2025-07-31-CBNK-buy-600
2025-07-29-KN-sell-10000
2025-07-31-GRYP-sell-149086
2025-07-29-MOD-sell-5778
2025-07-29-MOD-sell-47939
2025-07-31-GRYP-sell-25486
2025-07-31-HSY-sell-13972
2025-07-31-FIX-sell-4400
2025-07-31-TRS-sell-36705
2025-07-30-GLW-sell-14879
2025-07-30-HAYW-sell-15000
2025-07-29-SLM-sell-55000
2025-07-29-WGS-sell-388
2025-07-29-EVCM-sell-11861
2025-07-29-AXP-sell-5500
2025-07-29-CDXS-buy-8422
2025-07-30-CDXS-buy-1578
2025-07-30-CRDF-buy-275000
2025-07-30-CRDF-buy-15000
2025-07-29-WGS-sell-2154
2025-07-31-MET-sell-209
2025-07-31-BW-sell-2551
2025-07-29-MANH-sell-37342
2025-07-29-MANH-sell-2024
2025-07-31-UPST-sell-15000
2025-07-31-VNT-sell-33660
2025-07-30-GLW-sell-36240
2025-07-30-RVP-buy-27288
2025-07-30-BFH-buy-1027
2025-07-29-CTO-buy-25326
2025-07-30-CTO-buy-23334
2025-07-31-CTO-buy-20841
2025-07-29-PINE-buy-25326
2025-07-30-PINE-buy-23334
2025-07-31-PINE-buy-20841
2025-06-30-GOOG-sell-101
2025-06-30-GOOGL-sell-101
2025-07-30-MBIN-buy-16000
2025-07-29-UUU-buy-3152
2025-07-28-KTOS-sell-7000
2025-07-29-NVDA-sell-75000
2025-07-31-NVDA-sell-75000
2025-07-29-LITE-sell-22719
2025-07-29-CBRE-sell-1000
2025-07-29-CBRE-sell-1494
2025-07-31-LAD-sell-256
2025-07-29-ANET-sell-588000
2025-07-30-GL-sell-12500
2025-07-31-GL-sell-12500
2025-07-29-SKYW-sell-7000
2025-07-29-SKYW-sell-17000
2025-07-29-SKYW-sell-10000
2025-07-29-META-sell-519
2025-07-30-TMUS-sell-69840
2025-07-31-TMUS-sell-69840
2025-07-29-CCO-buy-28507
2025-07-30-CCO-buy-450000
2025-07-31-CCO-buy-1000000
2025-07-31-GSHD-sell-300000
2025-07-29-ASAN-buy-225000
2025-07-30-ASAN-buy-225000
2025-07-31-VTR-sell-3900
2025-07-29-GL-sell-3250
2025-07-31-SATL-sell-43057
2025-07-29-ARTW-sell-7592
2025-07-29-MGRC-sell-14577
2025-07-29-SCHW-sell-173876
2025-07-29-MGRC-sell-7000
2025-07-30-MGRC-sell-3000
2025-07-31-SEIC-sell-12500
2025-07-29-STAI-sell-5000
2025-07-30-STAI-sell-110000
2025-07-31-AMKR-sell-15000
2025-07-30-MCO-sell-2120
2025-07-29-CVNA-sell-50000
2025-07-30-CVNA-sell-50000
2025-07-31-CZWI-buy-3000
2025-07-30-TEAM-sell-7665
2025-07-30-TEAM-sell-7665
2025-07-31-SHIM-sell-25776
2025-07-29-OMF-sell-35000
2025-07-31-PEBK-sell-600
2025-07-31-EFSI-buy-303
2025-07-31-META-sell-15847
2025-07-29-PSTG-sell-13511
2025-07-30-PSTG-sell-187740
2025-07-31-PSTG-sell-198749
2025-07-29-DBX-sell-2500
2025-07-30-CRM-sell-2250
2025-07-29-KDP-sell-208000
2025-07-31-SIGI-sell-1575
2025-07-29-TBBK-buy-1350
2025-07-29-TBBK-sell-141213
2025-07-30-TBBK-sell-119128
2025-07-31-TBBK-sell-39659
2025-07-29-SCHW-sell-20500
2025-07-31-LADR-sell-30000
2025-07-31-NVDA-sell-75000
2025-07-29-ONC-sell-4041
2025-07-30-ONC-sell-259
2025-07-31-SNAP-sell-24000
2025-07-30-BWB-sell-20000
2025-07-29-SCHW-sell-24096
2025-07-30-ONC-sell-920
2025-07-31-TER-sell-1066
2025-07-31-LAD-sell-256
2025-07-31-WWD-sell-9500
2025-07-29-UWMC-sell-400036
2025-07-30-UWMC-sell-400036
2025-07-31-UWMC-sell-400036
2025-08-01-UMBF-sell-1250
2025-08-01-UMBF-sell-2550
2025-07-31-ZWS-sell-108930
2025-08-01-UMBF-sell-576
2025-07-31-ZWS-sell-90916
2025-07-31-EVR-sell-23400
2025-07-31-AMKR-sell-15000
2025-07-31-GLXY-sell-56181
2025-07-31-VBTX-sell-7220
2025-07-31-BELFB-sell-1200
2025-07-29-CYTK-sell-5000
2025-07-29-RDN-sell-20000
2025-07-31-AMT-sell-720
2025-07-31-MOD-sell-26439
2025-07-29-ORLY-sell-29505
2025-07-29-ORLY-sell-5050
2025-07-31-NCMI-sell-45000
2025-07-31-CLH-sell-836
2025-07-30-ETR-sell-21160
2025-07-29-AIP-sell-29544
2025-07-29-AIP-sell-5638
2025-07-29-SHEN-buy-19852
2025-07-30-SHEN-buy-17303
2025-06-18-RELI-sell-26000
2025-07-29-SHEN-buy-19852
2025-07-30-SHEN-buy-17303
2025-07-29-ENVA-sell-478
2025-07-29-AIP-sell-736
2025-07-29-CIFR-sell-66049
2025-07-30-CIFR-sell-369984
2025-07-29-ENVA-sell-26310
2025-07-31-MDB-sell-2000
2025-07-31-SVV-sell-2637
2025-07-29-TMUS-sell-12300
2025-07-30-KFS-buy-174
2025-07-31-NRG-sell-7545
2025-07-31-ZWS-sell-22138
2025-07-30-KFS-buy-108
2025-07-29-SEZL-sell-3000
2025-07-31-MOD-sell-6621
2025-07-29-WCN-sell-1500
2025-07-31-TYL-sell-5250
2025-07-31-PSTG-sell-163925
2025-07-31-PYPL-sell-7102
2025-07-31-ZWS-sell-20000
2025-07-31-PSTG-sell-34824
2025-07-31-LOCL-sell-100
2025-07-29-MMC-buy-500
2025-07-30-MMC-buy-500
2025-07-31-UDMY-sell-10000
2025-07-31-CVNA-sell-80000
2025-07-31-CVNA-sell-40000
2025-07-30-GLW-sell-14082
2025-07-31-PBBK-buy-1000
2025-07-31-CVNA-sell-37687
2025-07-31-PYPL-sell-3838
2025-07-31-SNOW-sell-256046
2025-07-31-INSW-sell-1000
2025-07-31-RSI-sell-446094
2025-07-31-PJT-sell-2288
2025-07-31-STX-sell-4625
2025-07-31-CHTR-buy-3670
2025-07-29-DBVT-sell-464
2025-07-29-BSY-sell-400
2025-07-29-CXM-sell-1435
2025-07-29-AGX-sell-2621
2025-07-30-CNXC-sell-500
2025-07-30-HSY-sell-19290
2025-07-31-NUE-sell-29830
2025-07-31-GATX-sell-2200
2025-07-30-GLW-sell-16646
2025-07-31-SGA-sell-400
2025-07-29-DELL-sell-30000
2025-07-29-NOW-sell-757
2025-07-31-TRS-sell-13900
2025-07-30-OMCC-buy-350
2025-07-29-AXP-sell-50000
2025-07-30-JMSB-buy-6162
2025-07-31-WNEB-sell-4000
2025-08-01-MTEK-sell-27858
2025-07-30-PB-sell-500
2025-07-30-PB-sell-600
2025-08-01-RELL-sell-10253
2025-07-30-FRAF-buy-25
2025-07-31-PEBO-buy-200
2025-08-01-RENT-sell-399
2025-08-01-RENT-sell-262
2025-08-01-RENT-sell-4544
2025-08-01-RENT-sell-647
2025-08-01-RENT-sell-331
2025-08-01-RENT-sell-41
2025-08-01-CETH-sell-280000
2025-07-31-CZWI-buy-1000
2025-07-30-BEAM-sell-48374
2025-08-01-NWFL-buy-500
2025-08-01-QCOM-sell-1600
2025-07-30-TER-sell-1875
2025-07-30-TER-sell-554
2025-08-01-POR-sell-2603
2025-08-01-CSW-sell-200
2025-08-01-IRM-sell-6000
2025-08-01-NEM-sell-2077
2025-07-31-CASS-buy-500
2025-08-01-NEM-sell-3000
2025-07-31-TPL-buy-1
2025-07-31-RCG-buy-356
2025-07-31-RCG-buy-774
2025-08-01-CARG-sell-10000
2025-08-01-MCO-sell-415
2025-08-01-A-sell-2000
2025-08-01-WMB-sell-2000
2025-08-01-MKSI-sell-300
2025-08-01-IRM-sell-17339
2025-08-01-SNEX-sell-1125
2025-08-01-HURN-sell-400
2025-08-01-SNOW-sell-7188
2025-08-01-HIMS-sell-250
2025-08-01-CORT-sell-20000
2025-07-31-MOFG-buy-600
2025-08-01-RMD-sell-3000
2025-08-01-MTG-sell-30000
2025-08-01-CORT-sell-615
2025-08-01-AEE-sell-6500
2025-08-01-CORT-sell-5000
2025-08-01-TROX-buy-100000
2025-07-31-BPRN-sell-1300
2025-08-01-ENSG-sell-700
2025-08-01-FOA-sell-750
2025-08-01-HMN-sell-5000
2025-08-01-RSI-sell-70000
2025-07-30-CECO-sell-70000
2025-07-31-CECO-sell-30000
2025-07-30-CECO-sell-20000
2025-08-01-GNRC-sell-5000
2025-08-01-RMD-sell-50
2025-08-01-SNOW-sell-10000
2025-08-01-SYF-sell-10000
2025-07-31-RVP-buy-5339
2025-08-01-EXFY-sell-9000
2025-08-01-TBBK-sell-30000
2025-08-01-TROX-buy-12600
2025-08-01-IRM-sell-69125
2025-08-01-NTRA-sell-2496
2025-08-01-WK-sell-50000
2025-08-01-ETSY-sell-5817
2025-08-01-ETSY-sell-6909
2025-07-31-SNV-buy-1000
2025-08-01-VC-sell-1200
2025-08-01-SSD-sell-2500
2025-08-01-SNOW-sell-50741
2025-08-01-HURN-sell-800
2025-08-01-GL-sell-10000
2025-08-01-BAC-sell-148391
2025-07-31-ATLO-buy-164
2025-07-30-BPRN-sell-835
2025-08-01-VRNS-sell-3000
2025-07-30-PLBC-buy-1
2025-07-31-PLBC-buy-1299
2025-07-30-ABG-buy-46952
2025-07-31-BUSE-buy-3000
2025-08-01-AI-sell-14642
2025-08-01-WLFC-sell-3318
2025-08-01-THG-sell-5626
2025-08-01-JAZZ-sell-9000
2025-08-01-VMI-sell-2867
2025-07-30-TZOO-sell-30000
2025-07-31-TZOO-sell-17500
2025-08-01-TROX-buy-37000
2025-08-01-VIAV-sell-8385
2025-08-01-CPF-sell-2765
2025-08-01-NWBI-buy-3500
2025-07-31-PLBC-buy-650
2025-08-01-GWRE-sell-3000
2025-08-01-IP-sell-19573
2025-08-01-BSX-sell-17313
2025-08-01-BURL-sell-420
2025-08-01-MPWR-sell-3000
2025-08-01-CDNS-sell-1000
2025-08-01-NFLX-sell-22765
2025-08-01-HIG-sell-7710
2025-08-01-NDAQ-sell-2105
2025-08-01-BSX-sell-50000
2025-08-01-KTOS-sell-4000
2025-08-01-FFIV-sell-1221
2025-08-01-GDDY-sell-6000
2025-08-01-TEVA-sell-52742
2025-08-01-MP-sell-6337
2025-08-01-RCKY-sell-5000
2025-08-01-HSY-sell-278
2025-08-06-S-sell-31916
2025-08-05-DUOL-sell-10000
2025-08-06-S-sell-15807
2025-08-06-S-sell-2921
2025-08-06-S-sell-5827
2025-08-05-YOU-sell-20000
2025-08-05-YOU-sell-5000
2025-08-05-LOOP-buy-20000
2025-08-05-PLTR-sell-30000
2025-08-05-DKNG-sell-105554
2025-08-05-WVE-sell-4872
2025-08-05-WVE-sell-1127
2025-08-06-APO-sell-4500
2025-08-06-TMUS-sell-69840
2025-08-07-TMUS-sell-69840
2025-08-05-RDDT-sell-14000
2025-08-05-RDDT-sell-3500
2025-08-05-CORT-sell-14
2025-08-06-TMO-sell-10000
2025-08-07-TMO-sell-8000
2025-08-07-MWA-sell-7700
2025-08-05-ATEC-sell-50000
2025-08-06-ATEC-sell-10876
2025-08-07-IFF-buy-15300
2025-08-05-EVCM-sell-12432
2025-08-06-EVCM-sell-12068
2025-08-07-K-sell-458332
2025-08-07-KKR-sell-809906
2025-08-06-SHOP-sell-33333
2025-08-05-RBLX-sell-875
2025-08-07-KKR-sell-809906
2025-08-05-META-sell-515
2025-08-07-RMNI-sell-24344
2025-08-05-META-sell-60000
2025-08-06-TEAM-sell-7665
2025-08-06-TEAM-sell-7665
2025-08-05-ORCL-sell-15880
2025-08-07-CELH-sell-7900000
2025-08-05-IOT-sell-132398
2025-08-06-IOT-sell-27602
2025-08-05-IOT-sell-132368
2025-08-06-IOT-sell-37632
2025-08-05-TFX-buy-1000
2025-08-06-AFRM-sell-6489
2025-08-05-SYM-sell-25000
2025-08-05-SYM-sell-11705
2025-08-05-DDOG-sell-41468
2025-08-05-CVNA-sell-15000
2025-08-05-GSIT-sell-10000
2025-08-07-CRAI-sell-5200
2025-08-06-MKZR-buy-22559
2025-08-07-MKZR-buy-7949
2025-08-07-BCC-sell-2033
2025-08-06-CVNA-sell-10000
2025-08-07-EXPI-sell-10000
2025-08-05-CVNA-sell-2920
2025-08-06-MKZR-buy-22559
2025-08-07-MKZR-buy-7949
2025-08-06-CZWI-buy-1600
2025-08-06-BCC-sell-1782
2025-08-05-CVNA-sell-7080
2025-08-07-UBFO-buy-55814
2025-08-07-SHIM-sell-2000
2025-08-07-RMNI-sell-24344
2025-07-28-PNTG-sell-880
2025-08-05-LMND-sell-5000
2025-08-05-UWMC-sell-400036
2025-08-06-UWMC-sell-400036
2025-08-07-UWMC-sell-400036
2025-08-06-MKZR-buy-22559
2025-08-07-MKZR-buy-7949
2025-08-07-DTM-buy-150
2025-08-06-SEI-sell-4000000
2025-08-07-CRVL-sell-14000
2025-08-07-BWIN-buy-10000
2025-08-07-DAKT-sell-3839
2025-08-06-CRM-sell-2250
2025-08-06-FCF-sell-2190
2025-08-07-TRI-sell-4256
2025-08-07-SNDR-sell-36596
2025-08-06-MKZR-buy-22559
2025-08-07-MKZR-buy-7949
2025-08-05-PEGA-sell-45000
2025-08-06-PEGA-sell-45000
2025-08-05-FDP-sell-1000
2025-08-07-VIRT-sell-90701
2025-08-05-MTZ-sell-10000
2025-08-06-MKZR-buy-22559
2025-08-07-MKZR-buy-7949
2025-08-05-IRON-sell-395
2025-08-06-BRO-buy-1000
2025-08-05-ABBV-sell-13295
2025-08-05-OI-buy-2289
2025-08-05-OI-buy-3828
2025-08-07-GLXY-sell-113000
2025-08-07-RBLX-sell-100000
2025-08-07-KMPR-buy-3000
2025-08-05-OI-buy-8000
2025-08-06-IRTC-sell-2555
2025-08-07-LNC-sell-5000
2025-08-06-FRGE-buy-1950
2025-08-07-RSVR-sell-74558
2025-08-05-GSHD-sell-900
2025-08-06-GSHD-sell-12153
2025-08-07-GSHD-sell-6175
2025-08-07-FND-sell-4240
2025-08-05-GM-sell-23977
2025-08-07-STIM-sell-98635
2025-08-05-HOOD-sell-40131
2025-08-07-AIR-sell-10000
2025-08-05-BBIO-sell-17167
2025-08-07-ITT-sell-68026
2025-08-07-FANG-sell-20400
2025-08-07-NVDA-sell-75000
2025-08-06-EQT-sell-4259
2025-08-06-RPM-sell-1000
2025-08-07-UTHR-sell-11000
2025-08-07-CRI-sell-10853
2025-08-07-AIR-sell-10000
2025-08-05-EVR-sell-8407
2025-08-05-KNSA-sell-138614
2025-08-07-FTDR-sell-129673
2025-08-06-PUMP-buy-4900
2025-08-06-SYK-sell-200000
2025-08-07-GLW-sell-82103
2025-08-07-PRDO-sell-53081
2025-08-05-AUB-buy-5000
2025-08-06-AUB-buy-5000
2025-08-07-AUB-buy-5000
2025-08-07-MWA-sell-7700
2025-08-05-EPIX-sell-156
2025-08-05-LPLA-sell-1500
2025-08-07-Z-sell-5177
2025-08-07-ZG-sell-5177
2025-08-06-RBRK-sell-3500
2025-08-07-TDUP-sell-50000
2025-08-07-W-sell-17752
2025-08-07-Z-sell-595
2025-08-07-ZG-sell-595
2025-08-05-LQDA-sell-30000
2025-08-05-MSTR-sell-6250
2025-08-05-STRC-sell-6250
2025-08-07-W-sell-17742
2025-08-07-Z-sell-45710
2025-08-07-ZG-sell-45710
2025-08-07-SATL-sell-150000
2025-08-07-Z-sell-100000
2025-08-07-ZG-sell-100000
2025-08-07-SITM-sell-2000
2025-08-07-LOCL-sell-400
2025-08-07-RBLX-sell-6000
2025-08-07-AVB-sell-150
2025-08-07-META-sell-15847
2025-08-07-CSV-sell-4250
2025-08-07-MIRM-sell-10000
2025-08-07-FUL-sell-1046
2025-08-07-RELY-sell-20000
2025-08-07-MIRM-sell-40000
2025-08-07-ALAB-sell-280000
2025-08-07-MQ-sell-2250000
2025-08-07-DASH-sell-110000
2025-08-07-BLND-sell-4000
2025-08-07-REAX-sell-104800
2025-08-07-PTON-sell-30290
2025-08-07-RELY-sell-18045
2025-08-05-LUV-buy-1500
2025-08-07-NBIX-sell-106322
2025-08-07-PJT-sell-1504
2025-08-05-LUMN-buy-135870
2025-08-01-HSY-sell-278
2025-08-06-S-sell-31916
2025-08-05-DUOL-sell-10000
2025-08-06-S-sell-15807
2025-08-06-S-sell-2921
2025-08-06-S-sell-5827
2025-08-05-YOU-sell-20000
2025-08-05-YOU-sell-5000
2025-08-05-LOOP-buy-20000
2025-08-05-PLTR-sell-30000
2025-08-05-DKNG-sell-105554
2025-08-05-WVE-sell-4872
2025-08-05-WVE-sell-1127
2025-08-06-APO-sell-4500
2025-08-06-TMUS-sell-69840
2025-08-07-TMUS-sell-69840
2025-08-05-RDDT-sell-14000
2025-08-05-RDDT-sell-3500
2025-08-05-CORT-sell-14
2025-08-06-TMO-sell-10000
2025-08-07-TMO-sell-8000
2025-08-07-MWA-sell-7700
2025-08-05-ATEC-sell-50000
2025-08-06-ATEC-sell-10876
2025-08-07-IFF-buy-15300
2025-08-05-EVCM-sell-12432
2025-08-06-EVCM-sell-12068
2025-08-07-K-sell-458332
2025-08-07-KKR-sell-809906
2025-08-06-SHOP-sell-33333
2025-08-05-RBLX-sell-875
2025-08-07-KKR-sell-809906
2025-08-05-META-sell-515
2025-08-07-RMNI-sell-24344
2025-08-05-META-sell-60000
2025-08-06-TEAM-sell-7665
2025-08-06-TEAM-sell-7665
2025-08-05-ORCL-sell-15880
2025-08-07-CELH-sell-7900000
2025-08-05-IOT-sell-132398
2025-08-06-IOT-sell-27602
2025-08-05-IOT-sell-132368
2025-08-06-IOT-sell-37632
2025-08-05-TFX-buy-1000
2025-08-06-AFRM-sell-6489
2025-08-05-SYM-sell-25000
2025-08-05-SYM-sell-11705
2025-08-05-DDOG-sell-41468
2025-08-05-CVNA-sell-15000
2025-08-05-GSIT-sell-10000
2025-08-07-CRAI-sell-5200
2025-08-06-MKZR-buy-22559
2025-08-07-MKZR-buy-7949
2025-08-07-BCC-sell-2033
2025-08-06-CVNA-sell-10000
2025-08-07-EXPI-sell-10000
2025-08-05-CVNA-sell-2920
2025-08-06-MKZR-buy-22559
2025-08-07-MKZR-buy-7949
2025-08-06-CZWI-buy-1600
2025-08-06-BCC-sell-1782
2025-08-05-CVNA-sell-7080
2025-08-07-UBFO-buy-55814
2025-08-07-SHIM-sell-2000
2025-08-07-RMNI-sell-24344
2025-07-28-PNTG-sell-880
2025-08-05-LMND-sell-5000
2025-08-05-UWMC-sell-400036
2025-08-06-UWMC-sell-400036
2025-08-07-UWMC-sell-400036
2025-08-06-MKZR-buy-22559
2025-08-07-MKZR-buy-7949
2025-08-07-DTM-buy-150
2025-08-06-SEI-sell-4000000
2025-08-07-CRVL-sell-14000
2025-08-07-BWIN-buy-10000
2025-08-07-DAKT-sell-3839
2025-08-06-CRM-sell-2250
2025-08-06-FCF-sell-2190
2025-08-07-TRI-sell-4256
2025-08-07-SNDR-sell-36596
2025-08-06-MKZR-buy-22559
2025-08-07-MKZR-buy-7949
2025-08-05-PEGA-sell-45000
2025-08-06-PEGA-sell-45000
2025-08-05-FDP-sell-1000
2025-08-07-VIRT-sell-90701
2025-08-05-MTZ-sell-10000
2025-08-06-MKZR-buy-22559
2025-08-07-MKZR-buy-7949
2025-08-05-IRON-sell-395
2025-08-06-BRO-buy-1000
2025-08-05-ABBV-sell-13295
2025-08-05-OI-buy-2289
2025-08-05-OI-buy-3828
2025-08-07-GLXY-sell-113000
2025-08-07-RBLX-sell-100000
2025-08-07-KMPR-buy-3000
2025-08-05-OI-buy-8000
2025-08-06-IRTC-sell-2555
2025-08-07-LNC-sell-5000
2025-08-06-FRGE-buy-1950
2025-08-07-RSVR-sell-74558
2025-08-05-GSHD-sell-900
2025-08-06-GSHD-sell-12153
2025-08-07-GSHD-sell-6175
2025-08-07-FND-sell-4240
2025-08-05-GM-sell-23977
2025-08-07-STIM-sell-98635
2025-08-05-HOOD-sell-40131
2025-08-07-AIR-sell-10000
2025-08-05-BBIO-sell-17167
2025-08-07-ITT-sell-68026
2025-08-07-FANG-sell-20400
2025-08-07-NVDA-sell-75000
2025-08-06-EQT-sell-4259
2025-08-06-RPM-sell-1000
2025-08-07-UTHR-sell-11000
2025-08-07-CRI-sell-10853
2025-08-07-AIR-sell-10000
2025-08-05-EVR-sell-8407
2025-08-05-KNSA-sell-138614
2025-08-07-FTDR-sell-129673
2025-08-06-PUMP-buy-4900
2025-08-06-SYK-sell-200000
2025-08-07-GLW-sell-82103
2025-08-07-PRDO-sell-53081
2025-08-05-AUB-buy-5000
2025-08-06-AUB-buy-5000
2025-08-07-AUB-buy-5000
2025-08-07-MWA-sell-7700
2025-08-05-EPIX-sell-156
2025-08-05-LPLA-sell-1500
2025-08-07-Z-sell-5177
2025-08-07-ZG-sell-5177
2025-08-06-RBRK-sell-3500
2025-08-07-TDUP-sell-50000
2025-08-07-W-sell-17752
2025-08-07-Z-sell-595
2025-08-07-ZG-sell-595
2025-08-05-LQDA-sell-30000
2025-08-05-MSTR-sell-6250
2025-08-05-STRC-sell-6250
2025-08-07-W-sell-17742
2025-08-07-Z-sell-45710
2025-08-07-ZG-sell-45710
2025-08-07-SATL-sell-150000
2025-08-07-Z-sell-100000
2025-08-07-ZG-sell-100000
2025-08-07-SITM-sell-2000
2025-08-07-LOCL-sell-400
2025-08-07-RBLX-sell-6000
2025-08-07-AVB-sell-150
2025-08-07-META-sell-15847
2025-08-07-CSV-sell-4250
2025-08-07-MIRM-sell-10000
2025-08-07-FUL-sell-1046
2025-08-07-RELY-sell-20000
2025-08-07-MIRM-sell-40000
2025-08-07-ALAB-sell-280000
2025-08-07-MQ-sell-2250000
2025-08-07-DASH-sell-110000
2025-08-07-BLND-sell-4000
2025-08-07-REAX-sell-104800
2025-08-07-PTON-sell-30290
2025-08-07-RELY-sell-18045
2025-08-05-LUV-buy-1500
2025-08-07-NBIX-sell-106322
2025-08-07-PJT-sell-1504
2025-08-05-LUMN-buy-135870
